2025-02-05 21:05:21 [http-nio-8080-exec-1] DEBUG org.hibernate.SQL - select p1_0.id,p1_0.actives,p1_0.quantities,p1_0.cods,p1_0.images,p1_0.names,p1_0.sector,p1_0.version from parts p1_0 where p1_0.actives order by p1_0.id limit ?,?
2025-02-05 21:05:51 [http-nio-8080-exec-1] ERROR o.h.engine.jdbc.spi.SqlExceptionHelper - HikariPool-1 - Connection is not available, request timed out after 30016ms (total=0, active=0, idle=0, waiting=0)
2025-02-05 21:05:51 [http-nio-8080-exec-1] ERROR o.h.engine.jdbc.spi.SqlExceptionHelper - Communications link failure

The last packet sent successfully to the server was 0 milliseconds ago. The driver has not received any packets from the server.
2025-02-05 21:06:08 [restartedMain] ERROR o.h.engine.jdbc.spi.SqlExceptionHelper - Communications link failure

The last packet sent successfully to the server was 0 milliseconds ago. The driver has not received any packets from the server.
2025-02-05 21:06:13 [restartedMain] ERROR o.h.engine.jdbc.spi.SqlExceptionHelper - Communications link failure

The last packet sent successfully to the server was 0 milliseconds ago. The driver has not received any packets from the server.
2025-02-05 21:06:13 [restartedMain] ERROR o.s.o.j.LocalContainerEntityManagerFactoryBean - Failed to initialize JPA EntityManagerFactory: [PersistenceUnit: default] Unable to build Hibernate SessionFactory; nested exception is org.hibernate.exception.JDBCConnectionException: Unable to open JDBC Connection for DDL execution [Communications link failure

The last packet sent successfully to the server was 0 milliseconds ago. The driver has not received any packets from the server.] [n/a]
2025-02-05 21:06:13 [restartedMain] ERROR o.springframework.boot.SpringApplication - Application run failed
org.springframework.beans.factory.BeanCreationException: Error creating bean with name 'entityManagerFactory' defined in class path resource [org/springframework/boot/autoconfigure/orm/jpa/HibernateJpaConfiguration.class]: [PersistenceUnit: default] Unable to build Hibernate SessionFactory; nested exception is org.hibernate.exception.JDBCConnectionException: Unable to open JDBC Connection for DDL execution [Communications link failure

The last packet sent successfully to the server was 0 milliseconds ago. The driver has not received any packets from the server.] [n/a]
	at org.springframework.beans.factory.support.AbstractAutowireCapableBeanFactory.initializeBean(AbstractAutowireCapableBeanFactory.java:1802)
	at org.springframework.beans.factory.support.AbstractAutowireCapableBeanFactory.doCreateBean(AbstractAutowireCapableBeanFactory.java:601)
	at org.springframework.beans.factory.support.AbstractAutowireCapableBeanFactory.createBean(AbstractAutowireCapableBeanFactory.java:523)
	at org.springframework.beans.factory.support.AbstractBeanFactory.lambda$doGetBean$0(AbstractBeanFactory.java:336)
	at org.springframework.beans.factory.support.DefaultSingletonBeanRegistry.getSingleton(DefaultSingletonBeanRegistry.java:288)
	at org.springframework.beans.factory.support.AbstractBeanFactory.doGetBean(AbstractBeanFactory.java:334)
	at org.springframework.beans.factory.support.AbstractBeanFactory.getBean(AbstractBeanFactory.java:204)
	at org.springframework.context.support.AbstractApplicationContext.finishBeanFactoryInitialization(AbstractApplicationContext.java:970)
	at org.springframework.context.support.AbstractApplicationContext.refresh(AbstractApplicationContext.java:627)
	at org.springframework.boot.web.servlet.context.ServletWebServerApplicationContext.refresh(ServletWebServerApplicationContext.java:146)
	at org.springframework.boot.SpringApplication.refresh(SpringApplication.java:752)
	at org.springframework.boot.SpringApplication.refreshContext(SpringApplication.java:439)
	at org.springframework.boot.SpringApplication.run(SpringApplication.java:318)
	at org.springframework.boot.SpringApplication.run(SpringApplication.java:1361)
	at org.springframework.boot.SpringApplication.run(SpringApplication.java:1350)
	at com.github.bat333.stockroom.StockroomApplication.main(StockroomApplication.java:14)
	at java.base/jdk.internal.reflect.DirectMethodHandleAccessor.invoke(DirectMethodHandleAccessor.java:103)
	at java.base/java.lang.reflect.Method.invoke(Method.java:580)
	at org.springframework.boot.devtools.restart.RestartLauncher.run(RestartLauncher.java:50)
Caused by: jakarta.persistence.PersistenceException: [PersistenceUnit: default] Unable to build Hibernate SessionFactory; nested exception is org.hibernate.exception.JDBCConnectionException: Unable to open JDBC Connection for DDL execution [Communications link failure

The last packet sent successfully to the server was 0 milliseconds ago. The driver has not received any packets from the server.] [n/a]
	at org.springframework.orm.jpa.AbstractEntityManagerFactoryBean.buildNativeEntityManagerFactory(AbstractEntityManagerFactoryBean.java:431)
	at org.springframework.orm.jpa.AbstractEntityManagerFactoryBean.afterPropertiesSet(AbstractEntityManagerFactoryBean.java:400)
	at org.springframework.orm.jpa.LocalContainerEntityManagerFactoryBean.afterPropertiesSet(LocalContainerEntityManagerFactoryBean.java:366)
	at org.springframework.beans.factory.support.AbstractAutowireCapableBeanFactory.invokeInitMethods(AbstractAutowireCapableBeanFactory.java:1849)
	at org.springframework.beans.factory.support.AbstractAutowireCapableBeanFactory.initializeBean(AbstractAutowireCapableBeanFactory.java:1798)
	... 18 common frames omitted
Caused by: org.hibernate.exception.JDBCConnectionException: Unable to open JDBC Connection for DDL execution [Communications link failure

The last packet sent successfully to the server was 0 milliseconds ago. The driver has not received any packets from the server.] [n/a]
	at org.hibernate.exception.internal.SQLStateConversionDelegate.convert(SQLStateConversionDelegate.java:100)
	at org.hibernate.exception.internal.StandardSQLExceptionConverter.convert(StandardSQLExceptionConverter.java:58)
	at org.hibernate.engine.jdbc.spi.SqlExceptionHelper.convert(SqlExceptionHelper.java:108)
	at org.hibernate.engine.jdbc.spi.SqlExceptionHelper.convert(SqlExceptionHelper.java:94)
	at org.hibernate.resource.transaction.backend.jdbc.internal.DdlTransactionIsolatorNonJtaImpl.getIsolatedConnection(DdlTransactionIsolatorNonJtaImpl.java:74)
	at org.hibernate.resource.transaction.backend.jdbc.internal.DdlTransactionIsolatorNonJtaImpl.getIsolatedConnection(DdlTransactionIsolatorNonJtaImpl.java:39)
	at org.hibernate.tool.schema.internal.exec.ImprovedExtractionContextImpl.getJdbcConnection(ImprovedExtractionContextImpl.java:63)
	at org.hibernate.tool.schema.internal.exec.ImprovedExtractionContextImpl.getJdbcDatabaseMetaData(ImprovedExtractionContextImpl.java:70)
	at org.hibernate.tool.schema.extract.internal.InformationExtractorJdbcDatabaseMetaDataImpl.processTableResultSet(InformationExtractorJdbcDatabaseMetaDataImpl.java:65)
	at org.hibernate.tool.schema.extract.internal.AbstractInformationExtractorImpl.getTables(AbstractInformationExtractorImpl.java:570)
	at org.hibernate.tool.schema.extract.internal.DatabaseInformationImpl.getTablesInformation(DatabaseInformationImpl.java:122)
	at org.hibernate.tool.schema.internal.GroupedSchemaMigratorImpl.performTablesMigration(GroupedSchemaMigratorImpl.java:72)
	at org.hibernate.tool.schema.internal.AbstractSchemaMigrator.performMigration(AbstractSchemaMigrator.java:233)
	at org.hibernate.tool.schema.internal.AbstractSchemaMigrator.doMigration(AbstractSchemaMigrator.java:112)
	at org.hibernate.tool.schema.spi.SchemaManagementToolCoordinator.performDatabaseAction(SchemaManagementToolCoordinator.java:280)
	at org.hibernate.tool.schema.spi.SchemaManagementToolCoordinator.lambda$process$5(SchemaManagementToolCoordinator.java:144)
	at java.base/java.util.HashMap.forEach(HashMap.java:1429)
	at org.hibernate.tool.schema.spi.SchemaManagementToolCoordinator.process(SchemaManagementToolCoordinator.java:141)
	at org.hibernate.boot.internal.SessionFactoryObserverForSchemaExport.sessionFactoryCreated(SessionFactoryObserverForSchemaExport.java:37)
	at org.hibernate.internal.SessionFactoryObserverChain.sessionFactoryCreated(SessionFactoryObserverChain.java:35)
	at org.hibernate.internal.SessionFactoryImpl.<init>(SessionFactoryImpl.java:324)
	at org.hibernate.boot.internal.SessionFactoryBuilderImpl.build(SessionFactoryBuilderImpl.java:463)
	at org.hibernate.jpa.boot.internal.EntityManagerFactoryBuilderImpl.build(EntityManagerFactoryBuilderImpl.java:1506)
	at org.springframework.orm.jpa.vendor.SpringHibernateJpaPersistenceProvider.createContainerEntityManagerFactory(SpringHibernateJpaPersistenceProvider.java:66)
	at org.springframework.orm.jpa.LocalContainerEntityManagerFactoryBean.createNativeEntityManagerFactory(LocalContainerEntityManagerFactoryBean.java:390)
	at org.springframework.orm.jpa.AbstractEntityManagerFactoryBean.buildNativeEntityManagerFactory(AbstractEntityManagerFactoryBean.java:419)
	... 22 common frames omitted
Caused by: com.mysql.cj.jdbc.exceptions.CommunicationsException: Communications link failure

The last packet sent successfully to the server was 0 milliseconds ago. The driver has not received any packets from the server.
	at com.mysql.cj.jdbc.exceptions.SQLError.createCommunicationsException(SQLError.java:165)
	at com.mysql.cj.jdbc.exceptions.SQLExceptionsMapping.translateException(SQLExceptionsMapping.java:55)
	at com.mysql.cj.jdbc.ConnectionImpl.createNewIO(ConnectionImpl.java:837)
	at com.mysql.cj.jdbc.ConnectionImpl.<init>(ConnectionImpl.java:420)
	at com.mysql.cj.jdbc.ConnectionImpl.getInstance(ConnectionImpl.java:238)
	at com.mysql.cj.jdbc.NonRegisteringDriver.connect(NonRegisteringDriver.java:180)
	at com.zaxxer.hikari.util.DriverDataSource.getConnection(DriverDataSource.java:137)
	at com.zaxxer.hikari.pool.PoolBase.newConnection(PoolBase.java:360)
	at com.zaxxer.hikari.pool.PoolBase.newPoolEntry(PoolBase.java:202)
	at com.zaxxer.hikari.pool.HikariPool.createPoolEntry(HikariPool.java:461)
	at com.zaxxer.hikari.pool.HikariPool.checkFailFast(HikariPool.java:550)
	at com.zaxxer.hikari.pool.HikariPool.<init>(HikariPool.java:98)
	at com.zaxxer.hikari.HikariDataSource.getConnection(HikariDataSource.java:111)
	at org.hibernate.engine.jdbc.connections.internal.DatasourceConnectionProviderImpl.getConnection(DatasourceConnectionProviderImpl.java:126)
	at org.hibernate.engine.jdbc.env.internal.JdbcEnvironmentInitiator$ConnectionProviderJdbcConnectionAccess.obtainConnection(JdbcEnvironmentInitiator.java:467)
	at org.hibernate.resource.transaction.backend.jdbc.internal.DdlTransactionIsolatorNonJtaImpl.getIsolatedConnection(DdlTransactionIsolatorNonJtaImpl.java:46)
	... 43 common frames omitted
Caused by: com.mysql.cj.exceptions.CJCommunicationsException: Communications link failure

The last packet sent successfully to the server was 0 milliseconds ago. The driver has not received any packets from the server.
	at java.base/jdk.internal.reflect.DirectConstructorHandleAccessor.newInstance(DirectConstructorHandleAccessor.java:62)
	at java.base/java.lang.reflect.Constructor.newInstanceWithCaller(Constructor.java:502)
	at java.base/java.lang.reflect.Constructor.newInstance(Constructor.java:486)
	at com.mysql.cj.exceptions.ExceptionFactory.createException(ExceptionFactory.java:52)
	at com.mysql.cj.exceptions.ExceptionFactory.createException(ExceptionFactory.java:95)
	at com.mysql.cj.exceptions.ExceptionFactory.createException(ExceptionFactory.java:140)
	at com.mysql.cj.exceptions.ExceptionFactory.createCommunicationsException(ExceptionFactory.java:156)
	at com.mysql.cj.protocol.a.NativeProtocol.readMessage(NativeProtocol.java:592)
	at com.mysql.cj.protocol.a.NativeProtocol.readServerCapabilities(NativeProtocol.java:516)
	at com.mysql.cj.protocol.a.NativeProtocol.beforeHandshake(NativeProtocol.java:411)
	at com.mysql.cj.protocol.a.NativeProtocol.connect(NativeProtocol.java:1331)
	at com.mysql.cj.NativeSession.connect(NativeSession.java:155)
	at com.mysql.cj.jdbc.ConnectionImpl.connectOneTryOnly(ConnectionImpl.java:961)
	at com.mysql.cj.jdbc.ConnectionImpl.createNewIO(ConnectionImpl.java:825)
	... 56 common frames omitted
Caused by: java.io.EOFException: Can not read response from server. Expected to read 4 bytes, read 0 bytes before connection was unexpectedly lost.
	at com.mysql.cj.protocol.FullReadInputStream.readFully(FullReadInputStream.java:58)
	at com.mysql.cj.protocol.a.SimplePacketReader.readHeaderLocal(SimplePacketReader.java:72)
	at com.mysql.cj.protocol.a.SimplePacketReader.readHeader(SimplePacketReader.java:54)
	at com.mysql.cj.protocol.a.SimplePacketReader.readHeader(SimplePacketReader.java:36)
	at com.mysql.cj.protocol.a.NativeProtocol.readMessage(NativeProtocol.java:586)
	... 62 common frames omitted
2025-02-05 21:06:47 [http-nio-8080-exec-1] DEBUG org.hibernate.SQL - select p1_0.id,p1_0.actives,p1_0.quantities,p1_0.cods,p1_0.images,p1_0.names,p1_0.sector,p1_0.version from parts p1_0 where p1_0.actives order by p1_0.id limit ?
2025-02-05 21:07:37 [http-nio-8080-exec-6] DEBUG org.hibernate.SQL - select s1_0.id,s1_0.actives,s1_0.columns,s1_0.row_data,s1_0.sector,s1_0.shelves,s1_0.version from sectors s1_0 where s1_0.actives order by s1_0.id limit ?
2025-02-05 21:08:02 [http-nio-8080-exec-10] DEBUG org.hibernate.SQL - select s1_0.id from sectors s1_0 where s1_0.sector=? and s1_0.shelves=? and s1_0.columns=? and s1_0.row_data=? limit ?
2025-02-05 21:08:02 [http-nio-8080-exec-10] DEBUG org.hibernate.SQL - insert into sectors (actives,columns,row_data,sector,shelves,version) values (?,?,?,?,?,?)
2025-02-05 21:08:02 [http-nio-8080-exec-2] DEBUG org.hibernate.SQL - select s1_0.id,s1_0.actives,s1_0.columns,s1_0.row_data,s1_0.sector,s1_0.shelves,s1_0.version from sectors s1_0 where s1_0.actives order by s1_0.id limit ?
2025-02-05 21:08:02 [http-nio-8080-exec-2] DEBUG org.hibernate.SQL - select p1_0.sector,p1_0.id,p1_0.actives,p1_0.quantities,p1_0.cods,p1_0.images,p1_0.names,p1_0.version from parts p1_0 where p1_0.sector=?
2025-02-05 21:08:19 [http-nio-8080-exec-4] DEBUG org.hibernate.SQL - select s1_0.id,s1_0.actives,s1_0.columns,s1_0.row_data,s1_0.sector,s1_0.shelves,s1_0.version from sectors s1_0 where s1_0.id=? and s1_0.actives
2025-02-05 21:08:20 [http-nio-8080-exec-4] DEBUG org.hibernate.SQL - select p1_0.id from parts p1_0 where p1_0.cods=? and p1_0.names=? and p1_0.sector=? limit ?
2025-02-05 21:08:20 [http-nio-8080-exec-4] DEBUG org.hibernate.SQL - insert into parts (actives,quantities,cods,images,names,sector,version) values (?,?,?,?,?,?,?)
2025-02-05 21:08:22 [http-nio-8080-exec-6] DEBUG org.hibernate.SQL - select p1_0.id,p1_0.actives,p1_0.quantities,p1_0.cods,p1_0.images,p1_0.names,p1_0.sector,p1_0.version from parts p1_0 where p1_0.actives order by p1_0.id limit ?
2025-02-05 21:08:22 [http-nio-8080-exec-6] DEBUG org.hibernate.SQL - select s1_0.id,s1_0.actives,s1_0.columns,s1_0.row_data,s1_0.sector,s1_0.shelves,s1_0.version from sectors s1_0 where s1_0.id=?
2025-02-05 21:08:25 [http-nio-8080-exec-7] DEBUG org.hibernate.SQL - select p1_0.id,p1_0.actives,p1_0.quantities,p1_0.cods,p1_0.images,p1_0.names,p1_0.sector,p1_0.version from parts p1_0 where p1_0.id=? and p1_0.actives
2025-02-05 21:08:25 [http-nio-8080-exec-7] DEBUG org.hibernate.SQL - select s1_0.id,s1_0.actives,s1_0.columns,s1_0.row_data,s1_0.sector,s1_0.shelves,s1_0.version from sectors s1_0 where s1_0.id=?
2025-02-05 21:08:28 [http-nio-8080-exec-10] DEBUG org.hibernate.SQL - select p1_0.id,p1_0.actives,p1_0.quantities,p1_0.cods,p1_0.images,p1_0.names,p1_0.sector,p1_0.version from parts p1_0 where p1_0.id=? and p1_0.actives
2025-02-05 21:08:28 [http-nio-8080-exec-10] DEBUG org.hibernate.SQL - select s1_0.id,s1_0.actives,s1_0.columns,s1_0.row_data,s1_0.sector,s1_0.shelves,s1_0.version from sectors s1_0 where s1_0.id=?
2025-02-05 21:08:28 [http-nio-8080-exec-10] DEBUG org.hibernate.SQL - update parts set actives=?,quantities=?,cods=?,images=?,names=?,sector=?,version=? where id=? and version=?
2025-02-05 21:08:29 [http-nio-8080-exec-2] DEBUG org.hibernate.SQL - select p1_0.id,p1_0.actives,p1_0.quantities,p1_0.cods,p1_0.images,p1_0.names,p1_0.sector,p1_0.version from parts p1_0 where p1_0.id=? and p1_0.actives
2025-02-05 21:08:29 [http-nio-8080-exec-2] ERROR c.g.b.s.i.v.part.PartValidationExists - Part with ID 1 not found or is inactive in the system.
2025-02-05 21:08:29 [http-nio-8080-exec-2] ERROR c.g.b.s.i.v.part.PartValidationExists - Part with ID 1 not found or is inactive in the system.
2025-02-05 21:08:29 [http-nio-8080-exec-2] ERROR o.a.c.c.C.[.[.[/].[dispatcherServlet] - Servlet.service() for servlet [dispatcherServlet] in context with path [] threw exception [Request processing failed: com.github.bat333.stockroom.infra.exceptions.SectorNotFoundException: Reported Part Not Found ] with root cause
com.github.bat333.stockroom.infra.exceptions.SectorNotFoundException: Reported Part Not Found 
	at com.github.bat333.stockroom.infra.validator.part.PartValidationExists.lambda$validator$0(PartValidationExists.java:23)
	at java.base/java.util.Optional.orElseThrow(Optional.java:403)
	at com.github.bat333.stockroom.infra.validator.part.PartValidationExists.validator(PartValidationExists.java:21)
	at com.github.bat333.stockroom.service.PartService.get(PartService.java:58)
	at java.base/jdk.internal.reflect.DirectMethodHandleAccessor.invoke(DirectMethodHandleAccessor.java:103)
	at java.base/java.lang.reflect.Method.invoke(Method.java:580)
	at org.springframework.aop.support.AopUtils.invokeJoinpointUsingReflection(AopUtils.java:359)
	at org.springframework.aop.framework.ReflectiveMethodInvocation.invokeJoinpoint(ReflectiveMethodInvocation.java:196)
	at org.springframework.aop.framework.ReflectiveMethodInvocation.proceed(ReflectiveMethodInvocation.java:163)
	at org.springframework.cache.interceptor.CacheInterceptor.lambda$invoke$0(CacheInterceptor.java:55)
	at org.springframework.cache.interceptor.CacheAspectSupport.invokeOperation(CacheAspectSupport.java:430)
	at org.springframework.cache.interceptor.CacheAspectSupport.evaluate(CacheAspectSupport.java:565)
	at org.springframework.cache.interceptor.CacheAspectSupport.execute(CacheAspectSupport.java:447)
	at org.springframework.cache.interceptor.CacheAspectSupport.execute(CacheAspectSupport.java:409)
	at org.springframework.cache.interceptor.CacheInterceptor.invoke(CacheInterceptor.java:65)
	at org.springframework.aop.framework.ReflectiveMethodInvocation.proceed(ReflectiveMethodInvocation.java:184)
	at org.springframework.aop.framework.CglibAopProxy$DynamicAdvisedInterceptor.intercept(CglibAopProxy.java:727)
	at com.github.bat333.stockroom.service.PartService$$SpringCGLIB$$0.get(<generated>)
	at com.github.bat333.stockroom.controller.ControllerPart.getPart(ControllerPart.java:36)
	at java.base/jdk.internal.reflect.DirectMethodHandleAccessor.invoke(DirectMethodHandleAccessor.java:103)
	at java.base/java.lang.reflect.Method.invoke(Method.java:580)
	at org.springframework.aop.support.AopUtils.invokeJoinpointUsingReflection(AopUtils.java:359)
	at org.springframework.aop.framework.CglibAopProxy$DynamicAdvisedInterceptor.intercept(CglibAopProxy.java:723)
	at com.github.bat333.stockroom.controller.ControllerPart$$SpringCGLIB$$0.getPart(<generated>)
	at java.base/jdk.internal.reflect.DirectMethodHandleAccessor.invoke(DirectMethodHandleAccessor.java:103)
	at java.base/java.lang.reflect.Method.invoke(Method.java:580)
	at org.springframework.web.method.support.InvocableHandlerMethod.doInvoke(InvocableHandlerMethod.java:255)
	at org.springframework.web.method.support.InvocableHandlerMethod.invokeForRequest(InvocableHandlerMethod.java:188)
	at org.springframework.web.servlet.mvc.method.annotation.ServletInvocableHandlerMethod.invokeAndHandle(ServletInvocableHandlerMethod.java:118)
	at org.springframework.web.servlet.mvc.method.annotation.RequestMappingHandlerAdapter.invokeHandlerMethod(RequestMappingHandlerAdapter.java:986)
	at org.springframework.web.servlet.mvc.method.annotation.RequestMappingHandlerAdapter.handleInternal(RequestMappingHandlerAdapter.java:891)
	at org.springframework.web.servlet.mvc.method.AbstractHandlerMethodAdapter.handle(AbstractHandlerMethodAdapter.java:87)
	at org.springframework.web.servlet.DispatcherServlet.doDispatch(DispatcherServlet.java:1088)
	at org.springframework.web.servlet.DispatcherServlet.doService(DispatcherServlet.java:978)
	at org.springframework.web.servlet.FrameworkServlet.processRequest(FrameworkServlet.java:1014)
	at org.springframework.web.servlet.FrameworkServlet.doGet(FrameworkServlet.java:903)
	at jakarta.servlet.http.HttpServlet.service(HttpServlet.java:564)
	at org.springframework.web.servlet.FrameworkServlet.service(FrameworkServlet.java:885)
	at jakarta.servlet.http.HttpServlet.service(HttpServlet.java:658)
	at org.apache.catalina.core.ApplicationFilterChain.internalDoFilter(ApplicationFilterChain.java:195)
	at org.apache.catalina.core.ApplicationFilterChain.doFilter(ApplicationFilterChain.java:140)
	at org.apache.tomcat.websocket.server.WsFilter.doFilter(WsFilter.java:51)
	at org.apache.catalina.core.ApplicationFilterChain.internalDoFilter(ApplicationFilterChain.java:164)
	at org.apache.catalina.core.ApplicationFilterChain.doFilter(ApplicationFilterChain.java:140)
	at org.springframework.web.filter.OncePerRequestFilter.doFilter(OncePerRequestFilter.java:110)
	at org.apache.catalina.core.ApplicationFilterChain.internalDoFilter(ApplicationFilterChain.java:164)
	at org.apache.catalina.core.ApplicationFilterChain.doFilter(ApplicationFilterChain.java:140)
	at org.springframework.web.filter.CompositeFilter$VirtualFilterChain.doFilter(CompositeFilter.java:108)
	at org.springframework.security.web.FilterChainProxy.lambda$doFilterInternal$3(FilterChainProxy.java:231)
	at org.springframework.security.web.FilterChainProxy$VirtualFilterChain.doFilter(FilterChainProxy.java:365)
	at org.springframework.security.web.access.intercept.AuthorizationFilter.doFilter(AuthorizationFilter.java:101)
	at org.springframework.security.web.FilterChainProxy$VirtualFilterChain.doFilter(FilterChainProxy.java:374)
	at org.springframework.security.web.access.ExceptionTranslationFilter.doFilter(ExceptionTranslationFilter.java:126)
	at org.springframework.security.web.access.ExceptionTranslationFilter.doFilter(ExceptionTranslationFilter.java:120)
	at org.springframework.security.web.FilterChainProxy$VirtualFilterChain.doFilter(FilterChainProxy.java:374)
	at org.springframework.security.web.session.SessionManagementFilter.doFilter(SessionManagementFilter.java:131)
	at org.springframework.security.web.session.SessionManagementFilter.doFilter(SessionManagementFilter.java:85)
	at org.springframework.security.web.FilterChainProxy$VirtualFilterChain.doFilter(FilterChainProxy.java:374)
	at org.springframework.security.web.authentication.AnonymousAuthenticationFilter.doFilter(AnonymousAuthenticationFilter.java:100)
	at org.springframework.security.web.FilterChainProxy$VirtualFilterChain.doFilter(FilterChainProxy.java:374)
	at org.springframework.security.web.servletapi.SecurityContextHolderAwareRequestFilter.doFilter(SecurityContextHolderAwareRequestFilter.java:179)
	at org.springframework.security.web.FilterChainProxy$VirtualFilterChain.doFilter(FilterChainProxy.java:374)
	at org.springframework.security.web.savedrequest.RequestCacheAwareFilter.doFilter(RequestCacheAwareFilter.java:63)
	at org.springframework.security.web.FilterChainProxy$VirtualFilterChain.doFilter(FilterChainProxy.java:374)
	at org.springframework.web.filter.OncePerRequestFilter.doFilter(OncePerRequestFilter.java:110)
	at org.springframework.security.web.FilterChainProxy$VirtualFilterChain.doFilter(FilterChainProxy.java:374)
	at com.github.bat333.stockroom.infra.security.SecurityFilter.doFilterInternal(SecurityFilter.java:27)
	at org.springframework.web.filter.OncePerRequestFilter.doFilter(OncePerRequestFilter.java:116)
	at org.springframework.security.web.FilterChainProxy$VirtualFilterChain.doFilter(FilterChainProxy.java:374)
	at org.springframework.security.web.authentication.logout.LogoutFilter.doFilter(LogoutFilter.java:107)
	at org.springframework.security.web.authentication.logout.LogoutFilter.doFilter(LogoutFilter.java:93)
	at org.springframework.security.web.FilterChainProxy$VirtualFilterChain.doFilter(FilterChainProxy.java:374)
	at org.springframework.security.web.header.HeaderWriterFilter.doHeadersAfter(HeaderWriterFilter.java:90)
	at org.springframework.security.web.header.HeaderWriterFilter.doFilterInternal(HeaderWriterFilter.java:75)
	at org.springframework.web.filter.OncePerRequestFilter.doFilter(OncePerRequestFilter.java:116)
	at org.springframework.security.web.FilterChainProxy$VirtualFilterChain.doFilter(FilterChainProxy.java:374)
	at org.springframework.security.web.context.SecurityContextHolderFilter.doFilter(SecurityContextHolderFilter.java:82)
	at org.springframework.security.web.context.SecurityContextHolderFilter.doFilter(SecurityContextHolderFilter.java:69)
	at org.springframework.security.web.FilterChainProxy$VirtualFilterChain.doFilter(FilterChainProxy.java:374)
	at org.springframework.security.web.context.request.async.WebAsyncManagerIntegrationFilter.doFilterInternal(WebAsyncManagerIntegrationFilter.java:62)
	at org.springframework.web.filter.OncePerRequestFilter.doFilter(OncePerRequestFilter.java:116)
	at org.springframework.security.web.FilterChainProxy$VirtualFilterChain.doFilter(FilterChainProxy.java:374)
	at org.springframework.security.web.session.DisableEncodeUrlFilter.doFilterInternal(DisableEncodeUrlFilter.java:42)
	at org.springframework.web.filter.OncePerRequestFilter.doFilter(OncePerRequestFilter.java:116)
	at org.springframework.security.web.FilterChainProxy$VirtualFilterChain.doFilter(FilterChainProxy.java:374)
	at org.springframework.security.web.FilterChainProxy.doFilterInternal(FilterChainProxy.java:233)
	at org.springframework.security.web.FilterChainProxy.doFilter(FilterChainProxy.java:191)
	at org.springframework.web.filter.CompositeFilter$VirtualFilterChain.doFilter(CompositeFilter.java:113)
	at org.springframework.web.servlet.handler.HandlerMappingIntrospector.lambda$createCacheFilter$3(HandlerMappingIntrospector.java:243)
	at org.springframework.web.filter.CompositeFilter$VirtualFilterChain.doFilter(CompositeFilter.java:113)
	at org.springframework.web.filter.CompositeFilter.doFilter(CompositeFilter.java:74)
	at org.springframework.security.config.annotation.web.configuration.WebMvcSecurityConfiguration$CompositeFilterChainProxy.doFilter(WebMvcSecurityConfiguration.java:238)
	at org.springframework.web.filter.DelegatingFilterProxy.invokeDelegate(DelegatingFilterProxy.java:362)
	at org.springframework.web.filter.DelegatingFilterProxy.doFilter(DelegatingFilterProxy.java:278)
	at org.apache.catalina.core.ApplicationFilterChain.internalDoFilter(ApplicationFilterChain.java:164)
	at org.apache.catalina.core.ApplicationFilterChain.doFilter(ApplicationFilterChain.java:140)
	at org.springframework.web.filter.RequestContextFilter.doFilterInternal(RequestContextFilter.java:100)
	at org.springframework.web.filter.OncePerRequestFilter.doFilter(OncePerRequestFilter.java:116)
	at org.apache.catalina.core.ApplicationFilterChain.internalDoFilter(ApplicationFilterChain.java:164)
	at org.apache.catalina.core.ApplicationFilterChain.doFilter(ApplicationFilterChain.java:140)
	at org.springframework.web.filter.FormContentFilter.doFilterInternal(FormContentFilter.java:93)
	at org.springframework.web.filter.OncePerRequestFilter.doFilter(OncePerRequestFilter.java:116)
	at org.apache.catalina.core.ApplicationFilterChain.internalDoFilter(ApplicationFilterChain.java:164)
	at org.apache.catalina.core.ApplicationFilterChain.doFilter(ApplicationFilterChain.java:140)
	at org.springframework.web.filter.HiddenHttpMethodFilter.doFilterInternal(HiddenHttpMethodFilter.java:91)
	at org.springframework.web.filter.OncePerRequestFilter.doFilter(OncePerRequestFilter.java:116)
	at org.apache.catalina.core.ApplicationFilterChain.internalDoFilter(ApplicationFilterChain.java:164)
	at org.apache.catalina.core.ApplicationFilterChain.doFilter(ApplicationFilterChain.java:140)
	at org.springframework.web.filter.CharacterEncodingFilter.doFilterInternal(CharacterEncodingFilter.java:201)
	at org.springframework.web.filter.OncePerRequestFilter.doFilter(OncePerRequestFilter.java:116)
	at org.apache.catalina.core.ApplicationFilterChain.internalDoFilter(ApplicationFilterChain.java:164)
	at org.apache.catalina.core.ApplicationFilterChain.doFilter(ApplicationFilterChain.java:140)
	at org.apache.catalina.core.StandardWrapperValve.invoke(StandardWrapperValve.java:167)
	at org.apache.catalina.core.StandardContextValve.invoke(StandardContextValve.java:90)
	at org.apache.catalina.authenticator.AuthenticatorBase.invoke(AuthenticatorBase.java:483)
	at org.apache.catalina.core.StandardHostValve.invoke(StandardHostValve.java:115)
	at org.apache.catalina.valves.ErrorReportValve.invoke(ErrorReportValve.java:93)
	at org.apache.catalina.core.StandardEngineValve.invoke(StandardEngineValve.java:74)
	at org.apache.catalina.connector.CoyoteAdapter.service(CoyoteAdapter.java:344)
	at org.apache.coyote.http11.Http11Processor.service(Http11Processor.java:397)
	at org.apache.coyote.AbstractProcessorLight.process(AbstractProcessorLight.java:63)
	at org.apache.coyote.AbstractProtocol$ConnectionHandler.process(AbstractProtocol.java:905)
	at org.apache.tomcat.util.net.NioEndpoint$SocketProcessor.doRun(NioEndpoint.java:1741)
	at org.apache.tomcat.util.net.SocketProcessorBase.run(SocketProcessorBase.java:52)
	at org.apache.tomcat.util.threads.ThreadPoolExecutor.runWorker(ThreadPoolExecutor.java:1190)
	at org.apache.tomcat.util.threads.ThreadPoolExecutor$Worker.run(ThreadPoolExecutor.java:659)
	at org.apache.tomcat.util.threads.TaskThread$WrappingRunnable.run(TaskThread.java:63)
	at java.base/java.lang.Thread.run(Thread.java:1583)
2025-02-05 21:08:31 [http-nio-8080-exec-3] DEBUG org.hibernate.SQL - select p1_0.id,p1_0.actives,p1_0.quantities,p1_0.cods,p1_0.images,p1_0.names,p1_0.sector,p1_0.version from parts p1_0 where p1_0.actives order by p1_0.id limit ?
2025-02-05 21:08:53 [http-nio-8080-exec-7] DEBUG org.hibernate.SQL - select s1_0.id,s1_0.actives,s1_0.columns,s1_0.row_data,s1_0.sector,s1_0.shelves,s1_0.version from sectors s1_0 where s1_0.id=? and s1_0.actives
2025-02-05 21:08:53 [http-nio-8080-exec-7] DEBUG org.hibernate.SQL - select p1_0.id from parts p1_0 where p1_0.cods=? and p1_0.names=? and p1_0.sector=? limit ?
2025-02-05 21:08:53 [http-nio-8080-exec-7] DEBUG org.hibernate.SQL - insert into parts (actives,quantities,cods,images,names,sector,version) values (?,?,?,?,?,?,?)
2025-02-05 21:08:57 [http-nio-8080-exec-9] DEBUG org.hibernate.SQL - select p1_0.id,p1_0.actives,p1_0.quantities,p1_0.cods,p1_0.images,p1_0.names,p1_0.sector,p1_0.version from parts p1_0 where p1_0.actives order by p1_0.id limit ?
2025-02-05 21:08:57 [http-nio-8080-exec-9] DEBUG org.hibernate.SQL - select s1_0.id,s1_0.actives,s1_0.columns,s1_0.row_data,s1_0.sector,s1_0.shelves,s1_0.version from sectors s1_0 where s1_0.id=?
2025-02-05 21:09:08 [http-nio-8080-exec-2] DEBUG org.hibernate.SQL - select p1_0.id,p1_0.actives,p1_0.quantities,p1_0.cods,p1_0.images,p1_0.names,p1_0.sector,p1_0.version from parts p1_0 where p1_0.id=? and p1_0.actives
2025-02-05 21:09:08 [http-nio-8080-exec-2] DEBUG org.hibernate.SQL - select s1_0.id,s1_0.actives,s1_0.columns,s1_0.row_data,s1_0.sector,s1_0.shelves,s1_0.version from sectors s1_0 where s1_0.id=?
2025-02-05 21:09:24 [http-nio-8080-exec-7] DEBUG org.hibernate.SQL - select p1_0.id,p1_0.actives,p1_0.quantities,p1_0.cods,p1_0.images,p1_0.names,p1_0.sector,p1_0.version from parts p1_0 where p1_0.id=? and p1_0.actives
2025-02-05 21:09:24 [http-nio-8080-exec-7] DEBUG org.hibernate.SQL - select s1_0.id,s1_0.actives,s1_0.columns,s1_0.row_data,s1_0.sector,s1_0.shelves,s1_0.version from sectors s1_0 where s1_0.id=?
2025-02-05 21:09:24 [http-nio-8080-exec-7] DEBUG org.hibernate.SQL - select s1_0.id,s1_0.actives,s1_0.columns,s1_0.row_data,s1_0.sector,s1_0.shelves,s1_0.version from sectors s1_0 where s1_0.id is null and s1_0.actives
2025-02-05 21:09:24 [http-nio-8080-exec-7] ERROR c.g.b.s.i.v.s.SectorValidationExists - Sector with ID null not found or is inactive in the system.
2025-02-05 21:09:24 [http-nio-8080-exec-7] ERROR c.g.b.s.i.v.s.SectorValidationExists - Sector with ID null not found or is inactive in the system.
2025-02-05 21:09:24 [http-nio-8080-exec-7] DEBUG org.hibernate.SQL - update parts set actives=?,quantities=?,cods=?,images=?,names=?,sector=?,version=? where id=? and version=?
2025-02-05 21:09:24 [http-nio-8080-exec-9] DEBUG org.hibernate.SQL - select p1_0.id,p1_0.actives,p1_0.quantities,p1_0.cods,p1_0.images,p1_0.names,p1_0.sector,p1_0.version from parts p1_0 where p1_0.id=? and p1_0.actives
2025-02-05 21:09:24 [http-nio-8080-exec-9] DEBUG org.hibernate.SQL - select s1_0.id,s1_0.actives,s1_0.columns,s1_0.row_data,s1_0.sector,s1_0.shelves,s1_0.version from sectors s1_0 where s1_0.id=?
2025-02-05 21:09:29 [http-nio-8080-exec-1] DEBUG org.hibernate.SQL - select p1_0.id,p1_0.actives,p1_0.quantities,p1_0.cods,p1_0.images,p1_0.names,p1_0.sector,p1_0.version from parts p1_0 where p1_0.actives order by p1_0.id limit ?
2025-02-05 21:09:29 [http-nio-8080-exec-1] DEBUG org.hibernate.SQL - select s1_0.id,s1_0.actives,s1_0.columns,s1_0.row_data,s1_0.sector,s1_0.shelves,s1_0.version from sectors s1_0 where s1_0.id=?
2025-02-05 21:09:38 [http-nio-8080-exec-8] DEBUG org.hibernate.SQL - select p1_0.id,p1_0.actives,p1_0.quantities,p1_0.cods,p1_0.images,p1_0.names,p1_0.sector,p1_0.version from parts p1_0 where p1_0.id=? and p1_0.actives
2025-02-05 21:09:38 [http-nio-8080-exec-8] DEBUG org.hibernate.SQL - select s1_0.id,s1_0.actives,s1_0.columns,s1_0.row_data,s1_0.sector,s1_0.shelves,s1_0.version from sectors s1_0 where s1_0.id=?
2025-02-05 21:09:38 [http-nio-8080-exec-8] DEBUG org.hibernate.SQL - select s1_0.id,s1_0.actives,s1_0.columns,s1_0.row_data,s1_0.sector,s1_0.shelves,s1_0.version from sectors s1_0 where s1_0.id is null and s1_0.actives
2025-02-05 21:09:38 [http-nio-8080-exec-8] ERROR c.g.b.s.i.v.s.SectorValidationExists - Sector with ID null not found or is inactive in the system.
2025-02-05 21:09:38 [http-nio-8080-exec-8] ERROR c.g.b.s.i.v.s.SectorValidationExists - Sector with ID null not found or is inactive in the system.
2025-02-05 21:09:38 [http-nio-8080-exec-8] DEBUG org.hibernate.SQL - update parts set actives=?,quantities=?,cods=?,images=?,names=?,sector=?,version=? where id=? and version=?
2025-02-05 21:09:38 [http-nio-8080-exec-9] DEBUG org.hibernate.SQL - select p1_0.id,p1_0.actives,p1_0.quantities,p1_0.cods,p1_0.images,p1_0.names,p1_0.sector,p1_0.version from parts p1_0 where p1_0.id=? and p1_0.actives
2025-02-05 21:09:39 [http-nio-8080-exec-9] DEBUG org.hibernate.SQL - select s1_0.id,s1_0.actives,s1_0.columns,s1_0.row_data,s1_0.sector,s1_0.shelves,s1_0.version from sectors s1_0 where s1_0.id=?
2025-02-05 21:09:40 [http-nio-8080-exec-2] DEBUG org.hibernate.SQL - select p1_0.id,p1_0.actives,p1_0.quantities,p1_0.cods,p1_0.images,p1_0.names,p1_0.sector,p1_0.version from parts p1_0 where p1_0.actives order by p1_0.id limit ?
2025-02-05 21:09:40 [http-nio-8080-exec-2] DEBUG org.hibernate.SQL - select s1_0.id,s1_0.actives,s1_0.columns,s1_0.row_data,s1_0.sector,s1_0.shelves,s1_0.version from sectors s1_0 where s1_0.id=?
2025-02-05 21:09:49 [http-nio-8080-exec-6] DEBUG org.hibernate.SQL - select p1_0.id,p1_0.actives,p1_0.quantities,p1_0.cods,p1_0.images,p1_0.names,p1_0.sector,p1_0.version from parts p1_0 where p1_0.id=? and p1_0.actives
2025-02-05 21:09:49 [http-nio-8080-exec-6] DEBUG org.hibernate.SQL - select s1_0.id,s1_0.actives,s1_0.columns,s1_0.row_data,s1_0.sector,s1_0.shelves,s1_0.version from sectors s1_0 where s1_0.id=?
2025-02-05 21:09:49 [http-nio-8080-exec-6] DEBUG org.hibernate.SQL - select s1_0.id,s1_0.actives,s1_0.columns,s1_0.row_data,s1_0.sector,s1_0.shelves,s1_0.version from sectors s1_0 where s1_0.id is null and s1_0.actives
2025-02-05 21:09:49 [http-nio-8080-exec-6] ERROR c.g.b.s.i.v.s.SectorValidationExists - Sector with ID null not found or is inactive in the system.
2025-02-05 21:09:49 [http-nio-8080-exec-6] ERROR c.g.b.s.i.v.s.SectorValidationExists - Sector with ID null not found or is inactive in the system.
2025-02-05 21:09:49 [http-nio-8080-exec-6] DEBUG org.hibernate.SQL - update parts set actives=?,quantities=?,cods=?,images=?,names=?,sector=?,version=? where id=? and version=?
2025-02-05 21:09:49 [http-nio-8080-exec-8] DEBUG org.hibernate.SQL - select p1_0.id,p1_0.actives,p1_0.quantities,p1_0.cods,p1_0.images,p1_0.names,p1_0.sector,p1_0.version from parts p1_0 where p1_0.id=? and p1_0.actives
2025-02-05 21:09:49 [http-nio-8080-exec-8] DEBUG org.hibernate.SQL - select s1_0.id,s1_0.actives,s1_0.columns,s1_0.row_data,s1_0.sector,s1_0.shelves,s1_0.version from sectors s1_0 where s1_0.id=?
2025-02-05 21:09:51 [http-nio-8080-exec-9] DEBUG org.hibernate.SQL - select p1_0.id,p1_0.actives,p1_0.quantities,p1_0.cods,p1_0.images,p1_0.names,p1_0.sector,p1_0.version from parts p1_0 where p1_0.actives order by p1_0.id limit ?
2025-02-05 21:09:51 [http-nio-8080-exec-9] DEBUG org.hibernate.SQL - select s1_0.id,s1_0.actives,s1_0.columns,s1_0.row_data,s1_0.sector,s1_0.shelves,s1_0.version from sectors s1_0 where s1_0.id=?
2025-02-05 21:10:02 [http-nio-8080-exec-7] DEBUG org.hibernate.SQL - select p1_0.id,p1_0.actives,p1_0.quantities,p1_0.cods,p1_0.images,p1_0.names,p1_0.sector,p1_0.version from parts p1_0 where p1_0.id=? and p1_0.actives
2025-02-05 21:10:03 [http-nio-8080-exec-7] DEBUG org.hibernate.SQL - select s1_0.id,s1_0.actives,s1_0.columns,s1_0.row_data,s1_0.sector,s1_0.shelves,s1_0.version from sectors s1_0 where s1_0.id=?
2025-02-05 21:10:03 [http-nio-8080-exec-7] DEBUG org.hibernate.SQL - select s1_0.id,s1_0.actives,s1_0.columns,s1_0.row_data,s1_0.sector,s1_0.shelves,s1_0.version from sectors s1_0 where s1_0.id is null and s1_0.actives
2025-02-05 21:10:03 [http-nio-8080-exec-7] ERROR c.g.b.s.i.v.s.SectorValidationExists - Sector with ID null not found or is inactive in the system.
2025-02-05 21:10:03 [http-nio-8080-exec-7] ERROR c.g.b.s.i.v.s.SectorValidationExists - Sector with ID null not found or is inactive in the system.
2025-02-05 21:10:03 [http-nio-8080-exec-7] DEBUG org.hibernate.SQL - update parts set actives=?,quantities=?,cods=?,images=?,names=?,sector=?,version=? where id=? and version=?
2025-02-05 21:10:03 [http-nio-8080-exec-6] DEBUG org.hibernate.SQL - select p1_0.id,p1_0.actives,p1_0.quantities,p1_0.cods,p1_0.images,p1_0.names,p1_0.sector,p1_0.version from parts p1_0 where p1_0.id=? and p1_0.actives
2025-02-05 21:10:03 [http-nio-8080-exec-6] DEBUG org.hibernate.SQL - select s1_0.id,s1_0.actives,s1_0.columns,s1_0.row_data,s1_0.sector,s1_0.shelves,s1_0.version from sectors s1_0 where s1_0.id=?
2025-02-05 21:10:08 [http-nio-8080-exec-2] DEBUG org.hibernate.SQL - select p1_0.id,p1_0.actives,p1_0.quantities,p1_0.cods,p1_0.images,p1_0.names,p1_0.sector,p1_0.version from parts p1_0 where p1_0.id=? and p1_0.actives
2025-02-05 21:10:08 [http-nio-8080-exec-2] DEBUG org.hibernate.SQL - select s1_0.id,s1_0.actives,s1_0.columns,s1_0.row_data,s1_0.sector,s1_0.shelves,s1_0.version from sectors s1_0 where s1_0.id=?
2025-02-05 21:10:08 [http-nio-8080-exec-2] DEBUG org.hibernate.SQL - select s1_0.id,s1_0.actives,s1_0.columns,s1_0.row_data,s1_0.sector,s1_0.shelves,s1_0.version from sectors s1_0 where s1_0.id is null and s1_0.actives
2025-02-05 21:10:08 [http-nio-8080-exec-2] ERROR c.g.b.s.i.v.s.SectorValidationExists - Sector with ID null not found or is inactive in the system.
2025-02-05 21:10:08 [http-nio-8080-exec-2] ERROR c.g.b.s.i.v.s.SectorValidationExists - Sector with ID null not found or is inactive in the system.
2025-02-05 21:10:08 [http-nio-8080-exec-2] DEBUG org.hibernate.SQL - update parts set actives=?,quantities=?,cods=?,images=?,names=?,sector=?,version=? where id=? and version=?
2025-02-05 21:10:08 [http-nio-8080-exec-1] DEBUG org.hibernate.SQL - select p1_0.id,p1_0.actives,p1_0.quantities,p1_0.cods,p1_0.images,p1_0.names,p1_0.sector,p1_0.version from parts p1_0 where p1_0.id=? and p1_0.actives
2025-02-05 21:10:08 [http-nio-8080-exec-1] DEBUG org.hibernate.SQL - select s1_0.id,s1_0.actives,s1_0.columns,s1_0.row_data,s1_0.sector,s1_0.shelves,s1_0.version from sectors s1_0 where s1_0.id=?
2025-02-05 21:10:13 [http-nio-8080-exec-4] DEBUG org.hibernate.SQL - select p1_0.id,p1_0.actives,p1_0.quantities,p1_0.cods,p1_0.images,p1_0.names,p1_0.sector,p1_0.version from parts p1_0 where p1_0.actives order by p1_0.id limit ?
2025-02-05 21:10:13 [http-nio-8080-exec-4] DEBUG org.hibernate.SQL - select s1_0.id,s1_0.actives,s1_0.columns,s1_0.row_data,s1_0.sector,s1_0.shelves,s1_0.version from sectors s1_0 where s1_0.id=?
2025-02-05 21:10:22 [http-nio-8080-exec-6] DEBUG org.hibernate.SQL - select s1_0.id from sectors s1_0 where s1_0.sector=? and s1_0.shelves=? and s1_0.columns=? and s1_0.row_data=? limit ?
2025-02-05 21:10:22 [http-nio-8080-exec-6] DEBUG org.hibernate.SQL - insert into sectors (actives,columns,row_data,sector,shelves,version) values (?,?,?,?,?,?)
2025-02-05 21:10:22 [http-nio-8080-exec-8] DEBUG org.hibernate.SQL - select s1_0.id,s1_0.actives,s1_0.columns,s1_0.row_data,s1_0.sector,s1_0.shelves,s1_0.version from sectors s1_0 where s1_0.actives order by s1_0.id limit ?
2025-02-05 21:10:22 [http-nio-8080-exec-8] DEBUG org.hibernate.SQL - select p1_0.sector,p1_0.id,p1_0.actives,p1_0.quantities,p1_0.cods,p1_0.images,p1_0.names,p1_0.version from parts p1_0 where p1_0.sector=?
2025-02-05 21:10:22 [http-nio-8080-exec-8] DEBUG org.hibernate.SQL - select p1_0.sector,p1_0.id,p1_0.actives,p1_0.quantities,p1_0.cods,p1_0.images,p1_0.names,p1_0.version from parts p1_0 where p1_0.sector=?
2025-02-05 21:10:33 [http-nio-8080-exec-10] DEBUG org.hibernate.SQL - select p1_0.id,p1_0.actives,p1_0.quantities,p1_0.cods,p1_0.images,p1_0.names,p1_0.sector,p1_0.version from parts p1_0 where p1_0.id=? and p1_0.actives
2025-02-05 21:10:33 [http-nio-8080-exec-10] DEBUG org.hibernate.SQL - select s1_0.id,s1_0.actives,s1_0.columns,s1_0.row_data,s1_0.sector,s1_0.shelves,s1_0.version from sectors s1_0 where s1_0.id=?
2025-02-05 21:10:33 [http-nio-8080-exec-10] DEBUG org.hibernate.SQL - select s1_0.id,s1_0.actives,s1_0.columns,s1_0.row_data,s1_0.sector,s1_0.shelves,s1_0.version from sectors s1_0 where s1_0.id=? and s1_0.actives
2025-02-05 21:10:33 [http-nio-8080-exec-10] DEBUG org.hibernate.SQL - update parts set actives=?,quantities=?,cods=?,images=?,names=?,sector=?,version=? where id=? and version=?
2025-02-05 21:10:33 [http-nio-8080-exec-7] DEBUG org.hibernate.SQL - select p1_0.id,p1_0.actives,p1_0.quantities,p1_0.cods,p1_0.images,p1_0.names,p1_0.sector,p1_0.version from parts p1_0 where p1_0.id=? and p1_0.actives
2025-02-05 21:10:33 [http-nio-8080-exec-7] DEBUG org.hibernate.SQL - select s1_0.id,s1_0.actives,s1_0.columns,s1_0.row_data,s1_0.sector,s1_0.shelves,s1_0.version from sectors s1_0 where s1_0.id=?
2025-02-05 21:10:37 [http-nio-8080-exec-8] DEBUG org.hibernate.SQL - select p1_0.id,p1_0.actives,p1_0.quantities,p1_0.cods,p1_0.images,p1_0.names,p1_0.sector,p1_0.version from parts p1_0 where p1_0.actives order by p1_0.id limit ?
2025-02-05 21:10:37 [http-nio-8080-exec-8] DEBUG org.hibernate.SQL - select s1_0.id,s1_0.actives,s1_0.columns,s1_0.row_data,s1_0.sector,s1_0.shelves,s1_0.version from sectors s1_0 where s1_0.id=?
2025-02-05 21:10:46 [http-nio-8080-exec-5] DEBUG org.hibernate.SQL - select p1_0.id,p1_0.actives,p1_0.quantities,p1_0.cods,p1_0.images,p1_0.names,p1_0.sector,p1_0.version from parts p1_0 where p1_0.id=? and p1_0.actives
2025-02-05 21:10:46 [http-nio-8080-exec-5] DEBUG org.hibernate.SQL - select s1_0.id,s1_0.actives,s1_0.columns,s1_0.row_data,s1_0.sector,s1_0.shelves,s1_0.version from sectors s1_0 where s1_0.id=?
2025-02-05 21:10:46 [http-nio-8080-exec-5] DEBUG org.hibernate.SQL - select s1_0.id,s1_0.actives,s1_0.columns,s1_0.row_data,s1_0.sector,s1_0.shelves,s1_0.version from sectors s1_0 where s1_0.id=? and s1_0.actives
2025-02-05 21:10:46 [http-nio-8080-exec-5] DEBUG org.hibernate.SQL - update parts set actives=?,quantities=?,cods=?,images=?,names=?,sector=?,version=? where id=? and version=?
2025-02-05 21:10:46 [http-nio-8080-exec-10] DEBUG org.hibernate.SQL - select p1_0.id,p1_0.actives,p1_0.quantities,p1_0.cods,p1_0.images,p1_0.names,p1_0.sector,p1_0.version from parts p1_0 where p1_0.id=? and p1_0.actives
2025-02-05 21:10:46 [http-nio-8080-exec-10] DEBUG org.hibernate.SQL - select s1_0.id,s1_0.actives,s1_0.columns,s1_0.row_data,s1_0.sector,s1_0.shelves,s1_0.version from sectors s1_0 where s1_0.id=?
2025-02-05 21:10:51 [http-nio-8080-exec-9] DEBUG org.hibernate.SQL - select p1_0.id,p1_0.actives,p1_0.quantities,p1_0.cods,p1_0.images,p1_0.names,p1_0.sector,p1_0.version from parts p1_0 where p1_0.actives order by p1_0.id limit ?
2025-02-05 21:10:51 [http-nio-8080-exec-9] DEBUG org.hibernate.SQL - select s1_0.id,s1_0.actives,s1_0.columns,s1_0.row_data,s1_0.sector,s1_0.shelves,s1_0.version from sectors s1_0 where s1_0.id=?
2025-02-05 21:12:39 [main] DEBUG org.hibernate.SQL - 
    drop table if exists parts cascade 
2025-02-05 21:12:39 [main] DEBUG org.hibernate.SQL - 
    drop table if exists sectors cascade 
2025-02-05 21:12:39 [main] DEBUG org.hibernate.SQL - 
    create table parts (
        actives boolean not null,
        quantities float(53) not null,
        version integer,
        cods bigint not null,
        id bigint generated by default as identity,
        sector bigint,
        names varchar(255) not null,
        images blob not null,
        primary key (id)
    )
2025-02-05 21:12:39 [main] DEBUG org.hibernate.SQL - 
    create table sectors (
        actives boolean not null,
        version integer,
        id bigint generated by default as identity,
        columns varchar(255) not null,
        row_data varchar(255) not null,
        sector varchar(255) not null,
        shelves varchar(255) not null,
        primary key (id)
    )
2025-02-05 21:12:39 [main] DEBUG org.hibernate.SQL - 
    alter table if exists parts 
       add constraint FK44bpbjjhvt2bd6spralcvfki7 
       foreign key (sector) 
       references sectors
2025-02-05 21:12:44 [main] DEBUG org.hibernate.SQL - 
    insert 
    into
        sectors
        (actives, columns, row_data, sector, shelves, version, id) 
    values
        (?, ?, ?, ?, ?, ?, default)
2025-02-05 21:12:45 [main] DEBUG org.hibernate.SQL - 
    insert 
    into
        parts
        (actives, quantities, cods, images, names, sector, version, id) 
    values
        (?, ?, ?, ?, ?, ?, ?, default)
2025-02-05 21:12:45 [main] DEBUG org.hibernate.SQL - 
    insert 
    into
        sectors
        (actives, columns, row_data, sector, shelves, version, id) 
    values
        (?, ?, ?, ?, ?, ?, default)
2025-02-05 21:12:45 [main] DEBUG org.hibernate.SQL - 
    select
        p1_0.id,
        p1_0.actives,
        p1_0.quantities,
        p1_0.cods,
        p1_0.images,
        p1_0.names,
        p1_0.sector,
        p1_0.version 
    from
        parts p1_0 
    where
        p1_0.id=? 
        and p1_0.actives
2025-02-05 21:12:45 [main] DEBUG org.hibernate.SQL - 
    select
        s1_0.id,
        s1_0.actives,
        s1_0.columns,
        s1_0.row_data,
        s1_0.sector,
        s1_0.shelves,
        s1_0.version 
    from
        sectors s1_0 
    where
        s1_0.id=?
2025-02-05 21:12:45 [main] DEBUG org.hibernate.SQL - 
    select
        s1_0.id,
        s1_0.actives,
        s1_0.columns,
        s1_0.row_data,
        s1_0.sector,
        s1_0.shelves,
        s1_0.version 
    from
        sectors s1_0 
    where
        s1_0.id=? 
        and s1_0.actives
2025-02-05 21:12:45 [main] DEBUG org.hibernate.SQL - 
    update
        parts 
    set
        actives=?,
        quantities=?,
        cods=?,
        images=?,
        names=?,
        sector=?,
        version=? 
    where
        id=? 
        and version=?
2025-02-05 21:12:45 [main] DEBUG org.hibernate.SQL - 
    select
        p1_0.id,
        p1_0.actives,
        p1_0.quantities,
        p1_0.cods,
        p1_0.images,
        p1_0.names,
        s1_0.id,
        s1_0.actives,
        s1_0.columns,
        s1_0.row_data,
        s1_0.sector,
        s1_0.shelves,
        s1_0.version,
        p1_0.version 
    from
        parts p1_0 
    left join
        sectors s1_0 
            on s1_0.id=p1_0.sector 
    where
        p1_0.id=?
2025-02-05 21:12:45 [main] DEBUG org.hibernate.SQL - 
    delete 
    from
        parts 
    where
        id=? 
        and version=?
2025-02-05 21:12:45 [main] DEBUG org.hibernate.SQL - 
    select
        s1_0.id,
        s1_0.actives,
        s1_0.columns,
        s1_0.row_data,
        s1_0.sector,
        s1_0.shelves,
        s1_0.version 
    from
        sectors s1_0 
    where
        s1_0.id=?
2025-02-05 21:12:45 [main] DEBUG org.hibernate.SQL - 
    select
        p1_0.sector,
        p1_0.id,
        p1_0.actives,
        p1_0.quantities,
        p1_0.cods,
        p1_0.images,
        p1_0.names,
        p1_0.version 
    from
        parts p1_0 
    where
        p1_0.sector=?
2025-02-05 21:12:45 [main] DEBUG org.hibernate.SQL - 
    delete 
    from
        sectors 
    where
        id=? 
        and version=?
2025-02-05 21:12:45 [main] DEBUG org.hibernate.SQL - 
    select
        s1_0.id,
        s1_0.actives,
        s1_0.columns,
        s1_0.row_data,
        s1_0.sector,
        s1_0.shelves,
        s1_0.version 
    from
        sectors s1_0 
    where
        s1_0.id=?
2025-02-05 21:12:45 [main] DEBUG org.hibernate.SQL - 
    select
        p1_0.sector,
        p1_0.id,
        p1_0.actives,
        p1_0.quantities,
        p1_0.cods,
        p1_0.images,
        p1_0.names,
        p1_0.version 
    from
        parts p1_0 
    where
        p1_0.sector=?
2025-02-05 21:12:45 [main] DEBUG org.hibernate.SQL - 
    delete 
    from
        sectors 
    where
        id=? 
        and version=?
2025-02-05 21:12:46 [main] DEBUG org.hibernate.SQL - 
    select
        p1_0.id,
        p1_0.actives,
        p1_0.quantities,
        p1_0.cods,
        p1_0.images,
        p1_0.names,
        p1_0.sector,
        p1_0.version 
    from
        parts p1_0 
    where
        p1_0.actives 
    order by
        p1_0.id 
    fetch
        first ? rows only
2025-02-05 21:12:46 [main] DEBUG org.hibernate.SQL - 
    insert 
    into
        sectors
        (actives, columns, row_data, sector, shelves, version, id) 
    values
        (?, ?, ?, ?, ?, ?, default)
2025-02-05 21:12:46 [main] DEBUG org.hibernate.SQL - 
    insert 
    into
        parts
        (actives, quantities, cods, images, names, sector, version, id) 
    values
        (?, ?, ?, ?, ?, ?, ?, default)
2025-02-05 21:12:46 [main] DEBUG org.hibernate.SQL - 
    select
        p1_0.id,
        p1_0.actives,
        p1_0.quantities,
        p1_0.cods,
        p1_0.images,
        p1_0.names,
        p1_0.sector,
        p1_0.version 
    from
        parts p1_0 
    where
        p1_0.id=? 
        and p1_0.actives
2025-02-05 21:12:46 [main] DEBUG org.hibernate.SQL - 
    select
        s1_0.id,
        s1_0.actives,
        s1_0.columns,
        s1_0.row_data,
        s1_0.sector,
        s1_0.shelves,
        s1_0.version 
    from
        sectors s1_0 
    where
        s1_0.id=?
2025-02-05 21:12:46 [main] DEBUG org.hibernate.SQL - 
    update
        parts 
    set
        actives=?,
        quantities=?,
        cods=?,
        images=?,
        names=?,
        sector=?,
        version=? 
    where
        id=? 
        and version=?
2025-02-05 21:12:46 [main] DEBUG org.hibernate.SQL - 
    select
        p1_0.id,
        p1_0.actives,
        p1_0.quantities,
        p1_0.cods,
        p1_0.images,
        p1_0.names,
        s1_0.id,
        s1_0.actives,
        s1_0.columns,
        s1_0.row_data,
        s1_0.sector,
        s1_0.shelves,
        s1_0.version,
        p1_0.version 
    from
        parts p1_0 
    left join
        sectors s1_0 
            on s1_0.id=p1_0.sector 
    where
        p1_0.id=?
2025-02-05 21:12:46 [main] DEBUG org.hibernate.SQL - 
    delete 
    from
        parts 
    where
        id=? 
        and version=?
2025-02-05 21:12:46 [main] DEBUG org.hibernate.SQL - 
    select
        s1_0.id,
        s1_0.actives,
        s1_0.columns,
        s1_0.row_data,
        s1_0.sector,
        s1_0.shelves,
        s1_0.version 
    from
        sectors s1_0 
    where
        s1_0.id=?
2025-02-05 21:12:46 [main] DEBUG org.hibernate.SQL - 
    select
        p1_0.sector,
        p1_0.id,
        p1_0.actives,
        p1_0.quantities,
        p1_0.cods,
        p1_0.images,
        p1_0.names,
        p1_0.version 
    from
        parts p1_0 
    where
        p1_0.sector=?
2025-02-05 21:12:46 [main] DEBUG org.hibernate.SQL - 
    delete 
    from
        sectors 
    where
        id=? 
        and version=?
2025-02-05 21:12:46 [main] DEBUG org.hibernate.SQL - 
    insert 
    into
        sectors
        (actives, columns, row_data, sector, shelves, version, id) 
    values
        (?, ?, ?, ?, ?, ?, default)
2025-02-05 21:12:46 [main] DEBUG org.hibernate.SQL - 
    insert 
    into
        parts
        (actives, quantities, cods, images, names, sector, version, id) 
    values
        (?, ?, ?, ?, ?, ?, ?, default)
2025-02-05 21:12:46 [main] DEBUG org.hibernate.SQL - 
    select
        p1_0.id,
        p1_0.actives,
        p1_0.quantities,
        p1_0.cods,
        p1_0.images,
        p1_0.names,
        p1_0.sector,
        p1_0.version 
    from
        parts p1_0 
    where
        p1_0.id=? 
        and p1_0.actives
2025-02-05 21:12:46 [main] DEBUG org.hibernate.SQL - 
    select
        s1_0.id,
        s1_0.actives,
        s1_0.columns,
        s1_0.row_data,
        s1_0.sector,
        s1_0.shelves,
        s1_0.version 
    from
        sectors s1_0 
    where
        s1_0.id=?
2025-02-05 21:12:46 [main] DEBUG org.hibernate.SQL - 
    select
        p1_0.id,
        p1_0.actives,
        p1_0.quantities,
        p1_0.cods,
        p1_0.images,
        p1_0.names,
        s1_0.id,
        s1_0.actives,
        s1_0.columns,
        s1_0.row_data,
        s1_0.sector,
        s1_0.shelves,
        s1_0.version,
        p1_0.version 
    from
        parts p1_0 
    left join
        sectors s1_0 
            on s1_0.id=p1_0.sector 
    where
        p1_0.id=?
2025-02-05 21:12:46 [main] DEBUG org.hibernate.SQL - 
    delete 
    from
        parts 
    where
        id=? 
        and version=?
2025-02-05 21:12:46 [main] DEBUG org.hibernate.SQL - 
    select
        s1_0.id,
        s1_0.actives,
        s1_0.columns,
        s1_0.row_data,
        s1_0.sector,
        s1_0.shelves,
        s1_0.version 
    from
        sectors s1_0 
    where
        s1_0.id=?
2025-02-05 21:12:46 [main] DEBUG org.hibernate.SQL - 
    select
        p1_0.sector,
        p1_0.id,
        p1_0.actives,
        p1_0.quantities,
        p1_0.cods,
        p1_0.images,
        p1_0.names,
        p1_0.version 
    from
        parts p1_0 
    where
        p1_0.sector=?
2025-02-05 21:12:46 [main] DEBUG org.hibernate.SQL - 
    delete 
    from
        sectors 
    where
        id=? 
        and version=?
2025-02-05 21:12:46 [main] DEBUG org.hibernate.SQL - 
    insert 
    into
        sectors
        (actives, columns, row_data, sector, shelves, version, id) 
    values
        (?, ?, ?, ?, ?, ?, default)
2025-02-05 21:12:46 [main] DEBUG org.hibernate.SQL - 
    select
        s1_0.id,
        s1_0.actives,
        s1_0.columns,
        s1_0.row_data,
        s1_0.sector,
        s1_0.shelves,
        s1_0.version 
    from
        sectors s1_0 
    where
        s1_0.id=? 
        and s1_0.actives
2025-02-05 21:12:46 [main] DEBUG org.hibernate.SQL - 
    select
        p1_0.id 
    from
        parts p1_0 
    where
        p1_0.cods=? 
        and p1_0.names=? 
        and p1_0.sector=? 
    fetch
        first ? rows only
2025-02-05 21:12:46 [main] DEBUG org.hibernate.SQL - 
    insert 
    into
        parts
        (actives, quantities, cods, images, names, sector, version, id) 
    values
        (?, ?, ?, ?, ?, ?, ?, default)
2025-02-05 21:12:46 [main] DEBUG org.hibernate.SQL - 
    select
        s1_0.id,
        s1_0.actives,
        s1_0.columns,
        s1_0.row_data,
        s1_0.sector,
        s1_0.shelves,
        s1_0.version 
    from
        sectors s1_0 
    where
        s1_0.id=?
2025-02-05 21:12:46 [main] DEBUG org.hibernate.SQL - 
    select
        p1_0.sector,
        p1_0.id,
        p1_0.actives,
        p1_0.quantities,
        p1_0.cods,
        p1_0.images,
        p1_0.names,
        p1_0.version 
    from
        parts p1_0 
    where
        p1_0.sector=?
2025-02-05 21:12:46 [main] DEBUG org.hibernate.SQL - 
    delete 
    from
        parts 
    where
        id=? 
        and version=?
2025-02-05 21:12:46 [main] DEBUG org.hibernate.SQL - 
    delete 
    from
        sectors 
    where
        id=? 
        and version=?
2025-02-05 21:12:47 [main] DEBUG org.hibernate.SQL - 
    insert 
    into
        sectors
        (actives, columns, row_data, sector, shelves, version, id) 
    values
        (?, ?, ?, ?, ?, ?, default)
2025-02-05 21:12:47 [main] DEBUG org.hibernate.SQL - 
    insert 
    into
        parts
        (actives, quantities, cods, images, names, sector, version, id) 
    values
        (?, ?, ?, ?, ?, ?, ?, default)
2025-02-05 21:12:47 [main] DEBUG org.hibernate.SQL - 
    insert 
    into
        sectors
        (actives, columns, row_data, sector, shelves, version, id) 
    values
        (?, ?, ?, ?, ?, ?, default)
2025-02-05 21:12:47 [main] DEBUG org.hibernate.SQL - 
    insert 
    into
        parts
        (actives, quantities, cods, images, names, sector, version, id) 
    values
        (?, ?, ?, ?, ?, ?, ?, default)
2025-02-05 21:12:47 [main] DEBUG org.hibernate.SQL - 
    select
        p1_0.id,
        p1_0.actives,
        p1_0.quantities,
        p1_0.cods,
        p1_0.images,
        p1_0.names,
        p1_0.sector,
        p1_0.version 
    from
        parts p1_0 
    where
        upper(p1_0.names) like upper(?) escape '\' 
        and p1_0.actives 
    order by
        p1_0.id 
    fetch
        first ? rows only
2025-02-05 21:12:47 [main] DEBUG org.hibernate.SQL - 
    select
        s1_0.id,
        s1_0.actives,
        s1_0.columns,
        s1_0.row_data,
        s1_0.sector,
        s1_0.shelves,
        s1_0.version 
    from
        sectors s1_0 
    where
        s1_0.id=?
2025-02-05 21:12:47 [main] DEBUG org.hibernate.SQL - 
    select
        s1_0.id,
        s1_0.actives,
        s1_0.columns,
        s1_0.row_data,
        s1_0.sector,
        s1_0.shelves,
        s1_0.version 
    from
        sectors s1_0 
    where
        s1_0.id=?
2025-02-05 21:12:47 [main] DEBUG org.hibernate.SQL - 
    select
        p1_0.id,
        p1_0.actives,
        p1_0.quantities,
        p1_0.cods,
        p1_0.images,
        p1_0.names,
        s1_0.id,
        s1_0.actives,
        s1_0.columns,
        s1_0.row_data,
        s1_0.sector,
        s1_0.shelves,
        s1_0.version,
        p1_0.version 
    from
        parts p1_0 
    left join
        sectors s1_0 
            on s1_0.id=p1_0.sector 
    where
        p1_0.id=?
2025-02-05 21:12:47 [main] DEBUG org.hibernate.SQL - 
    delete 
    from
        parts 
    where
        id=? 
        and version=?
2025-02-05 21:12:47 [main] DEBUG org.hibernate.SQL - 
    select
        s1_0.id,
        s1_0.actives,
        s1_0.columns,
        s1_0.row_data,
        s1_0.sector,
        s1_0.shelves,
        s1_0.version 
    from
        sectors s1_0 
    where
        s1_0.id=?
2025-02-05 21:12:47 [main] DEBUG org.hibernate.SQL - 
    select
        p1_0.sector,
        p1_0.id,
        p1_0.actives,
        p1_0.quantities,
        p1_0.cods,
        p1_0.images,
        p1_0.names,
        p1_0.version 
    from
        parts p1_0 
    where
        p1_0.sector=?
2025-02-05 21:12:47 [main] DEBUG org.hibernate.SQL - 
    delete 
    from
        sectors 
    where
        id=? 
        and version=?
2025-02-05 21:12:47 [main] DEBUG org.hibernate.SQL - 
    select
        p1_0.id,
        p1_0.actives,
        p1_0.quantities,
        p1_0.cods,
        p1_0.images,
        p1_0.names,
        s1_0.id,
        s1_0.actives,
        s1_0.columns,
        s1_0.row_data,
        s1_0.sector,
        s1_0.shelves,
        s1_0.version,
        p1_0.version 
    from
        parts p1_0 
    left join
        sectors s1_0 
            on s1_0.id=p1_0.sector 
    where
        p1_0.id=?
2025-02-05 21:12:47 [main] DEBUG org.hibernate.SQL - 
    delete 
    from
        parts 
    where
        id=? 
        and version=?
2025-02-05 21:12:47 [main] DEBUG org.hibernate.SQL - 
    select
        s1_0.id,
        s1_0.actives,
        s1_0.columns,
        s1_0.row_data,
        s1_0.sector,
        s1_0.shelves,
        s1_0.version 
    from
        sectors s1_0 
    where
        s1_0.id=?
2025-02-05 21:12:47 [main] DEBUG org.hibernate.SQL - 
    select
        p1_0.sector,
        p1_0.id,
        p1_0.actives,
        p1_0.quantities,
        p1_0.cods,
        p1_0.images,
        p1_0.names,
        p1_0.version 
    from
        parts p1_0 
    where
        p1_0.sector=?
2025-02-05 21:12:47 [main] DEBUG org.hibernate.SQL - 
    delete 
    from
        sectors 
    where
        id=? 
        and version=?
2025-02-05 21:12:47 [main] DEBUG org.hibernate.SQL - 
    insert 
    into
        sectors
        (actives, columns, row_data, sector, shelves, version, id) 
    values
        (?, ?, ?, ?, ?, ?, default)
2025-02-05 21:12:47 [main] DEBUG org.hibernate.SQL - 
    insert 
    into
        parts
        (actives, quantities, cods, images, names, sector, version, id) 
    values
        (?, ?, ?, ?, ?, ?, ?, default)
2025-02-05 21:12:47 [main] DEBUG org.hibernate.SQL - 
    select
        p1_0.id,
        p1_0.actives,
        p1_0.quantities,
        p1_0.cods,
        p1_0.images,
        p1_0.names,
        p1_0.sector,
        p1_0.version 
    from
        parts p1_0 
    where
        p1_0.cods=? 
        and p1_0.actives
2025-02-05 21:12:47 [main] DEBUG org.hibernate.SQL - 
    select
        s1_0.id,
        s1_0.actives,
        s1_0.columns,
        s1_0.row_data,
        s1_0.sector,
        s1_0.shelves,
        s1_0.version 
    from
        sectors s1_0 
    where
        s1_0.id=?
2025-02-05 21:12:47 [main] DEBUG org.hibernate.SQL - 
    select
        p1_0.id,
        p1_0.actives,
        p1_0.quantities,
        p1_0.cods,
        p1_0.images,
        p1_0.names,
        s1_0.id,
        s1_0.actives,
        s1_0.columns,
        s1_0.row_data,
        s1_0.sector,
        s1_0.shelves,
        s1_0.version,
        p1_0.version 
    from
        parts p1_0 
    left join
        sectors s1_0 
            on s1_0.id=p1_0.sector 
    where
        p1_0.id=?
2025-02-05 21:12:47 [main] DEBUG org.hibernate.SQL - 
    delete 
    from
        parts 
    where
        id=? 
        and version=?
2025-02-05 21:12:47 [main] DEBUG org.hibernate.SQL - 
    select
        s1_0.id,
        s1_0.actives,
        s1_0.columns,
        s1_0.row_data,
        s1_0.sector,
        s1_0.shelves,
        s1_0.version 
    from
        sectors s1_0 
    where
        s1_0.id=?
2025-02-05 21:12:47 [main] DEBUG org.hibernate.SQL - 
    select
        p1_0.sector,
        p1_0.id,
        p1_0.actives,
        p1_0.quantities,
        p1_0.cods,
        p1_0.images,
        p1_0.names,
        p1_0.version 
    from
        parts p1_0 
    where
        p1_0.sector=?
2025-02-05 21:12:47 [main] DEBUG org.hibernate.SQL - 
    delete 
    from
        sectors 
    where
        id=? 
        and version=?
2025-02-05 21:12:47 [main] DEBUG org.hibernate.SQL - 
    insert 
    into
        sectors
        (actives, columns, row_data, sector, shelves, version, id) 
    values
        (?, ?, ?, ?, ?, ?, default)
2025-02-05 21:12:47 [main] DEBUG org.hibernate.SQL - 
    insert 
    into
        parts
        (actives, quantities, cods, images, names, sector, version, id) 
    values
        (?, ?, ?, ?, ?, ?, ?, default)
2025-02-05 21:12:47 [main] DEBUG org.hibernate.SQL - 
    select
        p1_0.id,
        p1_0.actives,
        p1_0.quantities,
        p1_0.cods,
        p1_0.images,
        p1_0.names,
        p1_0.sector,
        p1_0.version 
    from
        parts p1_0 
    where
        p1_0.cods=? 
        or upper(p1_0.names) like upper(?) escape '\' 
        and p1_0.actives 
    order by
        p1_0.id 
    fetch
        first ? rows only
2025-02-05 21:12:47 [main] DEBUG org.hibernate.SQL - 
    select
        s1_0.id,
        s1_0.actives,
        s1_0.columns,
        s1_0.row_data,
        s1_0.sector,
        s1_0.shelves,
        s1_0.version 
    from
        sectors s1_0 
    where
        s1_0.id=?
2025-02-05 21:12:47 [main] DEBUG org.hibernate.SQL - 
    select
        p1_0.id,
        p1_0.actives,
        p1_0.quantities,
        p1_0.cods,
        p1_0.images,
        p1_0.names,
        s1_0.id,
        s1_0.actives,
        s1_0.columns,
        s1_0.row_data,
        s1_0.sector,
        s1_0.shelves,
        s1_0.version,
        p1_0.version 
    from
        parts p1_0 
    left join
        sectors s1_0 
            on s1_0.id=p1_0.sector 
    where
        p1_0.id=?
2025-02-05 21:12:47 [main] DEBUG org.hibernate.SQL - 
    delete 
    from
        parts 
    where
        id=? 
        and version=?
2025-02-05 21:12:47 [main] DEBUG org.hibernate.SQL - 
    select
        s1_0.id,
        s1_0.actives,
        s1_0.columns,
        s1_0.row_data,
        s1_0.sector,
        s1_0.shelves,
        s1_0.version 
    from
        sectors s1_0 
    where
        s1_0.id=?
2025-02-05 21:12:47 [main] DEBUG org.hibernate.SQL - 
    select
        p1_0.sector,
        p1_0.id,
        p1_0.actives,
        p1_0.quantities,
        p1_0.cods,
        p1_0.images,
        p1_0.names,
        p1_0.version 
    from
        parts p1_0 
    where
        p1_0.sector=?
2025-02-05 21:12:47 [main] DEBUG org.hibernate.SQL - 
    delete 
    from
        sectors 
    where
        id=? 
        and version=?
2025-02-05 21:12:50 [main] DEBUG org.hibernate.SQL - 
    select
        s1_0.id,
        s1_0.actives,
        s1_0.columns,
        s1_0.row_data,
        s1_0.sector,
        s1_0.shelves,
        s1_0.version 
    from
        sectors s1_0 
    where
        s1_0.actives 
    order by
        s1_0.id 
    fetch
        first ? rows only
2025-02-05 21:12:50 [main] DEBUG org.hibernate.SQL - 
    insert 
    into
        sectors
        (actives, columns, row_data, sector, shelves, version, id) 
    values
        (?, ?, ?, ?, ?, ?, default)
2025-02-05 21:12:51 [main] DEBUG org.hibernate.SQL - 
    select
        s1_0.id,
        s1_0.actives,
        s1_0.columns,
        s1_0.row_data,
        s1_0.sector,
        s1_0.shelves,
        s1_0.version 
    from
        sectors s1_0 
    where
        s1_0.id=? 
        and s1_0.actives
2025-02-05 21:12:51 [main] DEBUG org.hibernate.SQL - 
    update
        sectors 
    set
        actives=?,
        columns=?,
        row_data=?,
        sector=?,
        shelves=?,
        version=? 
    where
        id=? 
        and version=?
2025-02-05 21:12:51 [main] DEBUG org.hibernate.SQL - 
    select
        s1_0.id,
        s1_0.actives,
        s1_0.columns,
        s1_0.row_data,
        s1_0.sector,
        s1_0.shelves,
        s1_0.version 
    from
        sectors s1_0 
    where
        s1_0.id=?
2025-02-05 21:12:51 [main] DEBUG org.hibernate.SQL - 
    select
        p1_0.sector,
        p1_0.id,
        p1_0.actives,
        p1_0.quantities,
        p1_0.cods,
        p1_0.images,
        p1_0.names,
        p1_0.version 
    from
        parts p1_0 
    where
        p1_0.sector=?
2025-02-05 21:12:51 [main] DEBUG org.hibernate.SQL - 
    delete 
    from
        sectors 
    where
        id=? 
        and version=?
2025-02-05 21:12:51 [main] DEBUG org.hibernate.SQL - 
    insert 
    into
        sectors
        (actives, columns, row_data, sector, shelves, version, id) 
    values
        (?, ?, ?, ?, ?, ?, default)
2025-02-05 21:12:51 [main] DEBUG org.hibernate.SQL - 
    select
        s1_0.id,
        s1_0.actives,
        s1_0.columns,
        s1_0.row_data,
        s1_0.sector,
        s1_0.shelves,
        s1_0.version 
    from
        sectors s1_0 
    where
        s1_0.id=? 
        and s1_0.actives
2025-02-05 21:12:51 [main] DEBUG org.hibernate.SQL - 
    select
        p1_0.sector,
        p1_0.id,
        p1_0.actives,
        p1_0.quantities,
        p1_0.cods,
        p1_0.images,
        p1_0.names,
        p1_0.version 
    from
        parts p1_0 
    where
        p1_0.sector=?
2025-02-05 21:12:51 [main] DEBUG org.hibernate.SQL - 
    select
        s1_0.id,
        s1_0.actives,
        s1_0.columns,
        s1_0.row_data,
        s1_0.sector,
        s1_0.shelves,
        s1_0.version 
    from
        sectors s1_0 
    where
        s1_0.id=?
2025-02-05 21:12:51 [main] DEBUG org.hibernate.SQL - 
    select
        p1_0.sector,
        p1_0.id,
        p1_0.actives,
        p1_0.quantities,
        p1_0.cods,
        p1_0.images,
        p1_0.names,
        p1_0.version 
    from
        parts p1_0 
    where
        p1_0.sector=?
2025-02-05 21:12:51 [main] DEBUG org.hibernate.SQL - 
    delete 
    from
        sectors 
    where
        id=? 
        and version=?
2025-02-05 21:12:51 [main] DEBUG org.hibernate.SQL - 
    select
        s1_0.id 
    from
        sectors s1_0 
    where
        s1_0.sector=? 
        and s1_0.shelves=? 
        and s1_0.columns=? 
        and s1_0.row_data=? 
    fetch
        first ? rows only
2025-02-05 21:12:51 [main] DEBUG org.hibernate.SQL - 
    insert 
    into
        sectors
        (actives, columns, row_data, sector, shelves, version, id) 
    values
        (?, ?, ?, ?, ?, ?, default)
2025-02-05 21:12:51 [main] DEBUG org.hibernate.SQL - 
    insert 
    into
        sectors
        (actives, columns, row_data, sector, shelves, version, id) 
    values
        (?, ?, ?, ?, ?, ?, default)
2025-02-05 21:12:51 [main] DEBUG org.hibernate.SQL - 
    select
        s1_0.id,
        s1_0.actives,
        s1_0.columns,
        s1_0.row_data,
        s1_0.sector,
        s1_0.shelves,
        s1_0.version 
    from
        sectors s1_0 
    where
        s1_0.id=? 
        and s1_0.actives
2025-02-05 21:12:51 [main] DEBUG org.hibernate.SQL - 
    select
        p1_0.sector,
        p1_0.id,
        p1_0.actives,
        p1_0.quantities,
        p1_0.cods,
        p1_0.images,
        p1_0.names,
        p1_0.version 
    from
        parts p1_0 
    where
        p1_0.sector=?
2025-02-05 21:12:51 [main] DEBUG org.hibernate.SQL - 
    select
        s1_0.id,
        s1_0.actives,
        s1_0.columns,
        s1_0.row_data,
        s1_0.sector,
        s1_0.shelves,
        s1_0.version 
    from
        sectors s1_0 
    where
        s1_0.id=?
2025-02-05 21:12:51 [main] DEBUG org.hibernate.SQL - 
    select
        p1_0.sector,
        p1_0.id,
        p1_0.actives,
        p1_0.quantities,
        p1_0.cods,
        p1_0.images,
        p1_0.names,
        p1_0.version 
    from
        parts p1_0 
    where
        p1_0.sector=?
2025-02-05 21:12:51 [main] DEBUG org.hibernate.SQL - 
    delete 
    from
        sectors 
    where
        id=? 
        and version=?
2025-02-05 21:12:51 [SpringApplicationShutdownHook] DEBUG org.hibernate.SQL - 
    drop table if exists parts cascade 
2025-02-05 21:12:51 [SpringApplicationShutdownHook] DEBUG org.hibernate.SQL - 
    drop table if exists sectors cascade 
